[spx6900.com/index.html]
[backblue.gif]
[fade.gif]
[index.html]
[spx6900.com/assets/images/card2592.jpg]
[spx6900.com/assets/images/favicon2592.png]
[spx6900.com/assets/images/apple-touch-icon2592.png]
[spx6900.com/assets/images/gallery03/d21a86d62592.png]
[spx6900.com/assets/images/gallery03/78b6292c2592.png]
[spx6900.com/assets/images/gallery03/43b73b942592.jpg]
[spx6900.com/assets/images/gallery03/6308da802592.png]
[spx6900.com/assets/images/gallery03/21a7cf6b2592.png]
[spx6900.com/assets/images/gallery03/dc4bf72e2592.jpg]
[spx6900.com/assets/images/scrollingDiv2592.png]
[translate.google.com/translate_a/elementa0d8.js]
[spx6900.com/assets/images/gallery02/9511c7ce2592.png]
[spx6900.com/assets/images/gallery02/e70f609b2592.png]
[spx6900.com/assets/images/gallery02/42b399ba2592.png]
[spx6900.com/assets/images/gallery02/ca16acca2592.png]
[spx6900.com/assets/images/gallery02/e931111b2592.png]
[spx6900.com/assets/images/gallery02/dbe3ae802592.png]
[spx6900.com/assets/images/gallery02/5c51cc042592.png]
[spx6900.com/assets/images/gallery02/4704a5e92592.png]
[spx6900.com/assets/videos/video012592.mp4]
[spx6900.com/assets/videos/video01.mp42592.jpg]
[spx6900.com/assets/videos/video042592.mp4]
[spx6900.com/assets/videos/video04.mp42592.jpg]
[spx6900.com/assets/videos/video022592.mp4]
[spx6900.com/assets/videos/video02.mp42592.jpg]
[spx6900.com/assets/images/image032592.jpg]
[spx6900.com/assets/images/gallery06/4b74c51f2592.jpg]
[spx6900.com/assets/images/gallery06/de64d99b2592.jpg]
[spx6900.com/assets/images/gallery06/111587ba2592.jpg]
[spx6900.com/assets/images/gallery01/e9b034062592.png]
[spx6900.com/assets/images/gallery01/f1c189b12592.png]
[spx6900.com/assets/images/gallery01/65056e122592.jpg]
[spx6900.com/assets/videos/video182592.mp4]
[spx6900.com/assets/videos/video18.mp42592.jpg]
[spx6900.com/assets/videos/video032592.mp4]
[spx6900.com/assets/videos/video03.mp42592.jpg]
[spx6900.com/assets/videos/video142592.mp4]
[spx6900.com/assets/videos/video14.mp42592.jpg]
[spx6900.com/assets/videos/video152592.mp4]
[spx6900.com/assets/videos/video15.mp42592.jpg]
[spx6900.com/assets/videos/video162592.mp4]
[spx6900.com/assets/videos/video16.mp42592.jpg]
[spx6900.com/assets/videos/video052592.mp4]
[spx6900.com/assets/videos/video05.mp42592.jpg]
[spx6900.com/cdn-cgi/l/email-protection.html]
[spx6900.com/cdn-cgi/scripts/5c5dd728/cloudflare-static/email-decode.min.js]
[spx6900.com/index.html]
[spx6900.com/cdn-cgi/l/email-protection.html]
